
> design-system@0.0.0 build-storybook /Users/mando/Documents/Repositories/luxleaf/design-system
> storybook build "--output-dir=/private/var/folders/66/f27y3181093dy97d88bdbcmr0000gn/T/chromatic--84435-1LI60LvElOFy" "--stats-json=/private/var/folders/66/f27y3181093dy97d88bdbcmr0000gn/T/chromatic--84435-1LI60LvElOFy"


[90m┌[39m  Building storybook v10.3.3
[90m│[39m
[32m◇[39m  Cleaning outputDir:
[90m│[39m  [36m../../../../../../private/var/folders/66/f27y3181093dy97d88bdbcmr0000gn/T/chromatic--84435-1LI60LvElOFy[39m
[90m│[39m
[32m◇[39m  Loading presets
[90m│[39m
[32m◇[39m  Building manager..
[90m│[39m
[34m●[39m  Building preview..
[90m│[39m  [43mVite[49m [36mvite v6.4.1 [32mbuilding for production...[36m[39m
[90m│[39m  [43mVite[49m transforming...
[90m│[39m  [43mVite[49m [32m✓[39m 183 modules transformed.
[90m│[39m  [43mVite[49m rendering chunks...
[90m│[39m  [43mVite[49m computing gzip size...
[90m│[39m  [43mVite[49m
[90m│[39m  [2m../../../../../../private/var/folders/66/f27y3181093dy97d88bdbcmr0000gn/T/chromatic--84435-1LI60LvElOFy/[22m[32miframe.html[39m[1m[2m[22m
[90m│[39m  [2m18.59 kB[22m[1m[22m[2m │ gzip:   5.24 kB[22m
[90m│[39m  [43mVite[49m
[90m│[39m  [2m../../../../../../private/var/folders/66/f27y3181093dy97d88bdbcmr0000gn/T/chromatic--84435-1LI60LvElOFy/[22m[2massets/[22m[35mHeader-Ck-SSN7O.css[39m[1m[2m[22m
[90m│[39m  [2m0.51 kB[22m[1m[22m[2m │ gzip:   0.30 kB[22m
[90m│[39m  [43mVite[49m
[90m│[39m  [2m../../../../../../private/var/folders/66/f27y3181093dy97d88bdbcmr0000gn/T/chromatic--84435-1LI60LvElOFy/[22m[2massets/[22m[35mButton-OMRPLexi.css[39m[1m[2m[22m
[90m│[39m  [2m0.52 kB[22m[1m[22m[2m │ gzip:   0.29 kB[22m
[90m│[39m  [43mVite[49m
[90m│[39m  [2m../../../../../../private/var/folders/66/f27y3181093dy97d88bdbcmr0000gn/T/chromatic--84435-1LI60LvElOFy/[22m[2massets/[22m[35mPage-DBaC2xQA.css[39m[1m[2m[22m
[90m│[39m  [2m0.93 kB[22m[1m[22m[2m │ gzip:   0.40 kB[22m
[90m│[39m  [43mVite[49m
[90m│[39m  [2m../../../../../../private/var/folders/66/f27y3181093dy97d88bdbcmr0000gn/T/chromatic--84435-1LI60LvElOFy/[22m[2massets/[22m[36mclient-DxQvECJj.js[39m[1m[2m[22m
[90m│[39m  [2m0.18 kB[22m[1m[22m[2m │ gzip:   0.15 kB[22m
[90m│[39m  [43mVite[49m
[90m│[39m  [2m../../../../../../private/var/folders/66/f27y3181093dy97d88bdbcmr0000gn/T/chromatic--84435-1LI60LvElOFy/[22m[2massets/[22m[36mformatter-EIJCOSYU-BrBc-6OJ.js[39m[1m[2m[22m
[90m│[39m  [2m0.27 kB[22m[1m[22m[2m │ gzip:   0.22 kB[22m
[90m│[39m  [43mVite[49m
[90m│[39m  [2m../../../../../../private/var/folders/66/f27y3181093dy97d88bdbcmr0000gn/T/chromatic--84435-1LI60LvElOFy/[22m[2massets/[22m[36mreact-18-DN-NVD0W.js[39m[1m[2m[22m
[90m│[39m  [2m0.84 kB[22m[1m[22m[2m │ gzip:   0.50 kB[22m
[90m│[39m  [43mVite[49m
[90m│[39m  [2m../../../../../../private/var/folders/66/f27y3181093dy97d88bdbcmr0000gn/T/chromatic--84435-1LI60LvElOFy/[22m[2massets/[22m[36mHeader.stories-DKABpDhN.js[39m[1m[2m[22m
[90m│[39m  [2m0.92 kB[22m[1m[22m[2m │ gzip:   0.50 kB[22m
[90m│[39m  [43mVite[49m
[90m│[39m  [2m../../../../../../private/var/folders/66/f27y3181093dy97d88bdbcmr0000gn/T/chromatic--84435-1LI60LvElOFy/[22m[2massets/[22m[36mjsx-runtime-P_uCwzP2.js[39m[1m[2m[22m
[90m│[39m  [2m1.00 kB[22m[1m[22m[2m │ gzip:   0.62 kB[22m
[90m│[39m  [43mVite[49m
[90m│[39m  [2m../../../../../../private/var/folders/66/f27y3181093dy97d88bdbcmr0000gn/T/chromatic--84435-1LI60LvElOFy/[22m[2massets/[22m[36mpreload-helper-Dp1pzeXC.js[39m[1m[2m[22m
[90m│[39m  [2m1.27 kB[22m[1m[22m[2m │ gzip:   0.73 kB[22m
[90m│[39m  [43mVite[49m
[90m│[39m  [2m../../../../../../private/var/folders/66/f27y3181093dy97d88bdbcmr0000gn/T/chromatic--84435-1LI60LvElOFy/[22m[2massets/[22m[36mButton-CWukwnCe.js[39m[1m[2m[22m
[90m│[39m  [2m1.27 kB[22m[1m[22m[2m │ gzip:   0.63 kB[22m
[90m│[39m  [43mVite[49m
[90m│[39m  [2m../../../../../../private/var/folders/66/f27y3181093dy97d88bdbcmr0000gn/T/chromatic--84435-1LI60LvElOFy/[22m[2massets/[22m[36mButton.stories-Bz3hCHce.js[39m[1m[2m[22m
[90m│[39m  [2m1.55 kB[22m[1m[22m[2m │ gzip:   0.61 kB[22m
[90m│[39m  [43mVite[49m
[90m│[39m  [2m../../../../../../private/var/folders/66/f27y3181093dy97d88bdbcmr0000gn/T/chromatic--84435-1LI60LvElOFy/[22m[2massets/[22m[36mGettingStarted-Bt--M3T5.js[39m[1m[2m[22m
[90m│[39m  [2m1.70 kB[22m[1m[22m[2m │ gzip:   0.76 kB[22m
[90m│[39m  [43mVite[49m
[90m│[39m  [2m../../../../../../private/var/folders/66/f27y3181093dy97d88bdbcmr0000gn/T/chromatic--84435-1LI60LvElOFy/[22m[2massets/[22m[36mHeader-DtgrjogK.js[39m[1m[2m[22m
[90m│[39m  [2m1.82 kB[22m[1m[22m[2m │ gzip:   0.79 kB[22m
[90m│[39m  [43mVite[49m
[90m│[39m  [2m../../../../../../private/var/folders/66/f27y3181093dy97d88bdbcmr0000gn/T/chromatic--84435-1LI60LvElOFy/[22m[2massets/[22m[36mDocsRenderer-LL677BLK-DSYviCkw.js[39m[1m[2m[22m
[90m│[39m  [2m1.87 kB[22m[1m[22m[2m │ gzip:   0.99 kB[22m
[90m│[39m  [43mVite[49m
[90m│[39m  [2m../../../../../../private/var/folders/66/f27y3181093dy97d88bdbcmr0000gn/T/chromatic--84435-1LI60LvElOFy/[22m[2massets/[22m[36mPage.stories-CcfbqRLB.js[39m[1m[2m[22m
[90m│[39m  [2m4.01 kB[22m[1m[22m[2m │ gzip:   1.70 kB[22m
[90m│[39m  [43mVite[49m
[90m│[39m  [2m../../../../../../private/var/folders/66/f27y3181093dy97d88bdbcmr0000gn/T/chromatic--84435-1LI60LvElOFy/[22m[36mvite-inject-mocker-entry.js[39m[1m[2m[22m
[90m│[39m  [2m28.53 kB[22m[1m[22m[2m │ gzip:   9.94 kB[22m
[90m│[39m  [43mVite[49m
[90m│[39m  [2m../../../../../../private/var/folders/66/f27y3181093dy97d88bdbcmr0000gn/T/chromatic--84435-1LI60LvElOFy/[22m[2massets/[22m[36mmatchers-5TDFFDYO-BEZorklP.js[39m[1m[2m[22m
[90m│[39m  [2m29.38 kB[22m[1m[22m[2m │ gzip:  10.07 kB[22m
[90m│[39m  [43mVite[49m
[90m│[39m  [2m../../../../../../private/var/folders/66/f27y3181093dy97d88bdbcmr0000gn/T/chromatic--84435-1LI60LvElOFy/[22m[2massets/[22m[36mColor-FRDS63T2-OoBc_Tha.js[39m[1m[2m[22m
[90m│[39m  [2m30.22 kB[22m[1m[22m[2m │ gzip:  11.42 kB[22m
[90m│[39m  [43mVite[49m
[90m│[39m  [2m../../../../../../private/var/folders/66/f27y3181093dy97d88bdbcmr0000gn/T/chromatic--84435-1LI60LvElOFy/[22m[2massets/[22m[36mWithTooltip-65CFNBJE-DpAdykAc.js[39m[1m[2m[22m
[90m│[39m  [2m33.19 kB[22m[1m[22m[2m │ gzip:  11.67 kB[22m
[90m│[39m  [43mVite[49m
[90m│[39m  [2m../../../../../../private/var/folders/66/f27y3181093dy97d88bdbcmr0000gn/T/chromatic--84435-1LI60LvElOFy/[22m[2massets/[22m[36msyntaxhighlighter-OH4MV7E3-CyeNfU1e.js[39m[1m[2m[22m
[90m│[39m  [2m78.17 kB[22m[1m[22m[2m │ gzip:  27.41 kB[22m
[90m│[39m  [43mVite[49m
[90m│[39m  [2m../../../../../../private/var/folders/66/f27y3181093dy97d88bdbcmr0000gn/T/chromatic--84435-1LI60LvElOFy/[22m[2massets/[22m[36mindex-Cj960_4H.js[39m[1m[2m[22m
[90m│[39m  [2m134.66 kB[22m[1m[22m[2m │ gzip:  43.22 kB[22m
[90m│[39m  [43mVite[49m
[90m│[39m  [2m../../../../../../private/var/folders/66/f27y3181093dy97d88bdbcmr0000gn/T/chromatic--84435-1LI60LvElOFy/[22m[2massets/[22m[36maxe-CR4m48nY.js[39m[1m[33m[39m
[90m│[39m  [33m580.46 kB[39m[22m[2m │ gzip: 159.94 kB[22m
[90m│[39m  [43mVite[49m
[90m│[39m  [2m../../../../../../private/var/folders/66/f27y3181093dy97d88bdbcmr0000gn/T/chromatic--84435-1LI60LvElOFy/[22m[2massets/[22m[36mblocks-4UYugkQ8.js[39m[1m[33m[39m
[90m│[39m  [33m825.05 kB[39m[22m[2m │ gzip: 263.85 kB[22m
[90m│[39m  [43mVite[49m
[90m│[39m  [2m../../../../../../private/var/folders/66/f27y3181093dy97d88bdbcmr0000gn/T/chromatic--84435-1LI60LvElOFy/[22m[2massets/[22m[36miframe-_Qw6eVtg.js[39m
[90m│[39m  [36m[39m[1m[33m1,102.95 kB[39m[22m[2m │ gzip: 314.33 kB[22m
[90m│[39m
[33m▲[39m  [43mVite[49m[33m
[90m│[39m  (!) Some chunks are larger than 500 kB after minification. Consider:
[90m│[39m  - Using dynamic import() to code-split the application
[90m│[39m  - Use build.rollupOptions.output.manualChunks to improve chunking:
[90m│[39m  ]8;;https://rollupjs.org/configuration-options/#output-manualchunkshttps://rollupjs.org/configuration-options/#output-manualchunks]8;;
[90m│[39m  - Adjust chunk size limit for this warning via
[90m│[39m  build.chunkSizeWarningLimit.[39m
[90m│[39m  [43mVite[49m [32m✓ built in 2.53s[39m
[90m│[39m
[34m●[39m  Preview stats written to
[90m│[39m  [36m/private/var/folders/66/f27y3181093dy97d88bdbcmr0000gn/T/chromatic--84435-1LI60LvElOFy/preview-stats.json[39m
[90m│[39m
[32m◇[39m  Output directory:
[90m│[39m  /private/var/folders/66/f27y3181093dy97d88bdbcmr0000gn/T/chromatic--84435-1LI60LvElOFy
[90m│[39m
[90m└[39m  Storybook build completed successfully

